created model
phase1 Epoch 1/200 | Train Loss: 8.8150 | Val Loss: 7.8640 | Style Acc: 0.2950 | Artist Acc: 0.0542
phase1 Epoch 2/200 | Train Loss: 7.4811 | Val Loss: 7.0319 | Style Acc: 0.3781 | Artist Acc: 0.0992
phase1 Epoch 3/200 | Train Loss: 6.9161 | Val Loss: 6.5783 | Style Acc: 0.4097 | Artist Acc: 0.1236
phase1 Epoch 4/200 | Train Loss: 6.5504 | Val Loss: 6.2831 | Style Acc: 0.4361 | Artist Acc: 0.1447
phase1 Epoch 5/200 | Train Loss: 6.2818 | Val Loss: 6.0761 | Style Acc: 0.4503 | Artist Acc: 0.1629
phase1 Epoch 6/200 | Train Loss: 6.0443 | Val Loss: 5.8696 | Style Acc: 0.4639 | Artist Acc: 0.1798
phase1 Epoch 7/200 | Train Loss: 5.8449 | Val Loss: 5.6973 | Style Acc: 0.4758 | Artist Acc: 0.1960
phase1 Epoch 8/200 | Train Loss: 5.6743 | Val Loss: 5.5643 | Style Acc: 0.4936 | Artist Acc: 0.2103
phase1 Epoch 9/200 | Train Loss: 5.5187 | Val Loss: 5.4391 | Style Acc: 0.5037 | Artist Acc: 0.2207
phase1 Epoch 10/200 | Train Loss: 5.3857 | Val Loss: 5.3749 | Style Acc: 0.5027 | Artist Acc: 0.2287
phase1 Epoch 11/200 | Train Loss: 5.2700 | Val Loss: 5.2627 | Style Acc: 0.5129 | Artist Acc: 0.2443
phase1 Epoch 12/200 | Train Loss: 5.1565 | Val Loss: 5.1775 | Style Acc: 0.5186 | Artist Acc: 0.2539
phase1 Epoch 13/200 | Train Loss: 5.0561 | Val Loss: 5.1348 | Style Acc: 0.5204 | Artist Acc: 0.2623
phase1 Epoch 14/200 | Train Loss: 4.9527 | Val Loss: 5.0068 | Style Acc: 0.5317 | Artist Acc: 0.2761
phase1 Epoch 15/200 | Train Loss: 4.8718 | Val Loss: 4.9619 | Style Acc: 0.5299 | Artist Acc: 0.2800
phase1 Epoch 16/200 | Train Loss: 4.7787 | Val Loss: 4.9212 | Style Acc: 0.5369 | Artist Acc: 0.2891
phase1 Epoch 17/200 | Train Loss: 4.6934 | Val Loss: 4.8564 | Style Acc: 0.5397 | Artist Acc: 0.2935
phase1 Epoch 18/200 | Train Loss: 4.6203 | Val Loss: 4.7735 | Style Acc: 0.5481 | Artist Acc: 0.3001
phase1 Epoch 19/200 | Train Loss: 4.5529 | Val Loss: 4.7721 | Style Acc: 0.5446 | Artist Acc: 0.3037
phase1 Epoch 20/200 | Train Loss: 4.4785 | Val Loss: 4.7951 | Style Acc: 0.5434 | Artist Acc: 0.3046
phase1 Epoch 21/200 | Train Loss: 4.3987 | Val Loss: 4.6615 | Style Acc: 0.5538 | Artist Acc: 0.3185
phase1 Epoch 22/200 | Train Loss: 4.3399 | Val Loss: 4.6802 | Style Acc: 0.5542 | Artist Acc: 0.3167
phase1 Epoch 23/200 | Train Loss: 4.2824 | Val Loss: 4.6603 | Style Acc: 0.5553 | Artist Acc: 0.3175
phase1 Epoch 24/200 | Train Loss: 4.2181 | Val Loss: 4.5675 | Style Acc: 0.5642 | Artist Acc: 0.3292
phase1 Epoch 25/200 | Train Loss: 4.1537 | Val Loss: 4.5484 | Style Acc: 0.5680 | Artist Acc: 0.3336
phase1 Epoch 26/200 | Train Loss: 4.0989 | Val Loss: 4.5049 | Style Acc: 0.5692 | Artist Acc: 0.3414
phase1 Epoch 27/200 | Train Loss: 4.0481 | Val Loss: 4.5103 | Style Acc: 0.5682 | Artist Acc: 0.3423
phase1 Epoch 28/200 | Train Loss: 3.9989 | Val Loss: 4.4847 | Style Acc: 0.5718 | Artist Acc: 0.3435
phase1 Epoch 29/200 | Train Loss: 3.9570 | Val Loss: 4.4977 | Style Acc: 0.5622 | Artist Acc: 0.3428
phase1 Epoch 30/200 | Train Loss: 3.8829 | Val Loss: 4.4829 | Style Acc: 0.5644 | Artist Acc: 0.3473
phase1 Epoch 31/200 | Train Loss: 3.8416 | Val Loss: 4.4042 | Style Acc: 0.5758 | Artist Acc: 0.3536
phase1 Epoch 32/200 | Train Loss: 3.7944 | Val Loss: 4.3913 | Style Acc: 0.5742 | Artist Acc: 0.3558
phase1 Epoch 33/200 | Train Loss: 3.7538 | Val Loss: 4.3484 | Style Acc: 0.5782 | Artist Acc: 0.3643
phase1 Epoch 34/200 | Train Loss: 3.7125 | Val Loss: 4.3398 | Style Acc: 0.5833 | Artist Acc: 0.3691
phase1 Epoch 35/200 | Train Loss: 3.6705 | Val Loss: 4.3360 | Style Acc: 0.5803 | Artist Acc: 0.3680
phase1 Epoch 36/200 | Train Loss: 3.6252 | Val Loss: 4.3737 | Style Acc: 0.5800 | Artist Acc: 0.3650
phase1 Epoch 37/200 | Train Loss: 3.5815 | Val Loss: 4.3165 | Style Acc: 0.5838 | Artist Acc: 0.3733
phase1 Epoch 38/200 | Train Loss: 3.5347 | Val Loss: 4.2950 | Style Acc: 0.5873 | Artist Acc: 0.3778
phase1 Epoch 39/200 | Train Loss: 3.5001 | Val Loss: 4.2925 | Style Acc: 0.5876 | Artist Acc: 0.3813
phase1 Epoch 40/200 | Train Loss: 3.4658 | Val Loss: 4.2945 | Style Acc: 0.5858 | Artist Acc: 0.3834
phase1 Epoch 41/200 | Train Loss: 3.4389 | Val Loss: 4.3024 | Style Acc: 0.5873 | Artist Acc: 0.3814
phase1 Epoch 42/200 | Train Loss: 3.3894 | Val Loss: 4.2705 | Style Acc: 0.5836 | Artist Acc: 0.3845
phase1 Epoch 43/200 | Train Loss: 3.3594 | Val Loss: 4.2688 | Style Acc: 0.5860 | Artist Acc: 0.3830
phase1 Epoch 44/200 | Train Loss: 3.3214 | Val Loss: 4.3229 | Style Acc: 0.5810 | Artist Acc: 0.3784
phase1 Epoch 45/200 | Train Loss: 3.2842 | Val Loss: 4.2726 | Style Acc: 0.5873 | Artist Acc: 0.3859
phase1 Epoch 46/200 | Train Loss: 3.2618 | Val Loss: 4.2721 | Style Acc: 0.5825 | Artist Acc: 0.3845
phase1 Epoch 47/200 | Train Loss: 3.2300 | Val Loss: 4.2817 | Style Acc: 0.5867 | Artist Acc: 0.3888
phase1 Epoch 48/200 | Train Loss: 3.1813 | Val Loss: 4.2751 | Style Acc: 0.5914 | Artist Acc: 0.3906
phase1 Epoch 49/200 | Train Loss: 3.1713 | Val Loss: 4.2879 | Style Acc: 0.5841 | Artist Acc: 0.3896
phase1 Epoch 50/200 | Train Loss: 3.1239 | Val Loss: 4.2593 | Style Acc: 0.5923 | Artist Acc: 0.3884
phase1 Epoch 51/200 | Train Loss: 3.1019 | Val Loss: 4.2805 | Style Acc: 0.5926 | Artist Acc: 0.3909
phase1 Epoch 52/200 | Train Loss: 3.0723 | Val Loss: 4.2279 | Style Acc: 0.5892 | Artist Acc: 0.3986
phase1 Epoch 53/200 | Train Loss: 3.0631 | Val Loss: 4.2514 | Style Acc: 0.5918 | Artist Acc: 0.3933
phase1 Epoch 54/200 | Train Loss: 3.0148 | Val Loss: 4.3164 | Style Acc: 0.5914 | Artist Acc: 0.3926
phase1 Epoch 55/200 | Train Loss: 2.9847 | Val Loss: 4.2697 | Style Acc: 0.5896 | Artist Acc: 0.4000
phase1 Epoch 56/200 | Train Loss: 2.9643 | Val Loss: 4.2861 | Style Acc: 0.5913 | Artist Acc: 0.4003
phase1 Epoch 57/200 | Train Loss: 2.9315 | Val Loss: 4.2703 | Style Acc: 0.5940 | Artist Acc: 0.4020
phase1 Epoch 58/200 | Train Loss: 2.9058 | Val Loss: 4.2583 | Style Acc: 0.5960 | Artist Acc: 0.4006
phase1 Epoch 59/200 | Train Loss: 2.8651 | Val Loss: 4.2547 | Style Acc: 0.5933 | Artist Acc: 0.4072
phase1 Epoch 60/200 | Train Loss: 2.8551 | Val Loss: 4.2684 | Style Acc: 0.5911 | Artist Acc: 0.4098
phase1 Epoch 61/200 | Train Loss: 2.8350 | Val Loss: 4.2914 | Style Acc: 0.5930 | Artist Acc: 0.4097
phase1 Epoch 62/200 | Train Loss: 2.8067 | Val Loss: 4.2473 | Style Acc: 0.5972 | Artist Acc: 0.4081
phase1 Epoch 63/200 | Train Loss: 2.7818 | Val Loss: 4.2278 | Style Acc: 0.5950 | Artist Acc: 0.4104
phase1 Epoch 64/200 | Train Loss: 2.7644 | Val Loss: 4.2978 | Style Acc: 0.5910 | Artist Acc: 0.4024
phase1 Epoch 65/200 | Train Loss: 2.7361 | Val Loss: 4.2738 | Style Acc: 0.5965 | Artist Acc: 0.4063
phase1 Epoch 66/200 | Train Loss: 2.7162 | Val Loss: 4.2496 | Style Acc: 0.6036 | Artist Acc: 0.4110
phase1 Epoch 67/200 | Train Loss: 2.6975 | Val Loss: 4.2144 | Style Acc: 0.5961 | Artist Acc: 0.4153
phase1 Epoch 68/200 | Train Loss: 2.6792 | Val Loss: 4.3137 | Style Acc: 0.5912 | Artist Acc: 0.4097
phase1 Epoch 69/200 | Train Loss: 2.6613 | Val Loss: 4.2276 | Style Acc: 0.5982 | Artist Acc: 0.4159
phase1 Epoch 70/200 | Train Loss: 2.6345 | Val Loss: 4.2583 | Style Acc: 0.5955 | Artist Acc: 0.4152
phase1 Epoch 71/200 | Train Loss: 2.6095 | Val Loss: 4.2526 | Style Acc: 0.6007 | Artist Acc: 0.4157
phase1 Epoch 72/200 | Train Loss: 2.5975 | Val Loss: 4.2759 | Style Acc: 0.5959 | Artist Acc: 0.4152
phase1 Epoch 73/200 | Train Loss: 2.5587 | Val Loss: 4.2957 | Style Acc: 0.5967 | Artist Acc: 0.4145
phase1 Epoch 74/200 | Train Loss: 2.5683 | Val Loss: 4.3159 | Style Acc: 0.5923 | Artist Acc: 0.4142
phase1 Epoch 75/200 | Train Loss: 2.5300 | Val Loss: 4.3128 | Style Acc: 0.6007 | Artist Acc: 0.4163
phase1 Epoch 76/200 | Train Loss: 2.5152 | Val Loss: 4.3067 | Style Acc: 0.5971 | Artist Acc: 0.4188
phase1 Epoch 77/200 | Train Loss: 2.4931 | Val Loss: 4.2966 | Style Acc: 0.6004 | Artist Acc: 0.4186
phase1 Epoch 78/200 | Train Loss: 2.4814 | Val Loss: 4.2662 | Style Acc: 0.6055 | Artist Acc: 0.4213
phase1 Epoch 79/200 | Train Loss: 2.4677 | Val Loss: 4.3392 | Style Acc: 0.5983 | Artist Acc: 0.4176
Early stopping triggered after 79 epochs
loaded best phase1 model (val_loss: 4.2144)
unfroze backbone
phase2 Epoch 1/50 | Train Loss: 2.6640 | Val Loss: 4.1476 | Style Acc: 0.6045 | Artist Acc: 0.4239
phase2 Epoch 2/50 | Train Loss: 2.5189 | Val Loss: 4.1433 | Style Acc: 0.6149 | Artist Acc: 0.4330
phase2 Epoch 3/50 | Train Loss: 2.4185 | Val Loss: 4.0404 | Style Acc: 0.6136 | Artist Acc: 0.4471
phase2 Epoch 4/50 | Train Loss: 2.3288 | Val Loss: 4.0988 | Style Acc: 0.6177 | Artist Acc: 0.4436
phase2 Epoch 5/50 | Train Loss: 2.2518 | Val Loss: 4.0689 | Style Acc: 0.6201 | Artist Acc: 0.4501
phase2 Epoch 6/50 | Train Loss: 2.1708 | Val Loss: 4.0219 | Style Acc: 0.6293 | Artist Acc: 0.4537
phase2 Epoch 7/50 | Train Loss: 2.1021 | Val Loss: 4.0646 | Style Acc: 0.6291 | Artist Acc: 0.4575
phase2 Epoch 8/50 | Train Loss: 2.0390 | Val Loss: 4.0934 | Style Acc: 0.6251 | Artist Acc: 0.4569
phase2 Epoch 9/50 | Train Loss: 1.9673 | Val Loss: 4.1465 | Style Acc: 0.6302 | Artist Acc: 0.4637
phase2 Epoch 10/50 | Train Loss: 1.9132 | Val Loss: 4.0968 | Style Acc: 0.6245 | Artist Acc: 0.4599
phase2 Epoch 11/50 | Train Loss: 1.8547 | Val Loss: 4.1550 | Style Acc: 0.6366 | Artist Acc: 0.4660
phase2 Epoch 12/50 | Train Loss: 1.7902 | Val Loss: 4.1767 | Style Acc: 0.6287 | Artist Acc: 0.4694
phase2 Epoch 13/50 | Train Loss: 1.7414 | Val Loss: 4.1950 | Style Acc: 0.6334 | Artist Acc: 0.4683
phase2 Epoch 14/50 | Train Loss: 1.6837 | Val Loss: 4.2355 | Style Acc: 0.6307 | Artist Acc: 0.4669
phase2 Epoch 15/50 | Train Loss: 1.6361 | Val Loss: 4.2039 | Style Acc: 0.6284 | Artist Acc: 0.4668
phase2 Epoch 16/50 | Train Loss: 1.5858 | Val Loss: 4.1960 | Style Acc: 0.6362 | Artist Acc: 0.4714
Early stopping triggered after 16 epochs
